........................................................................ [ 24%]
........................................................................ [ 48%]
..................................ss..s.ssss......sssssss
