// Vitest Snapshot v1, https://vitest.dev/guide/snapshot.html

exports[`BlocksPanel Snapshot Tests > matches snapshot with default state 1`] = `
<div>
  <div
    class="blocks-panel "
  >
    <div
      class="blocks-panel-header"
    >
      <h3
        class="blocks-panel-title"
      >
        Blocks
      </h3>
      <div
        class="blocks-panel-controls"
      >
        <button
          class="blocks-panel-control-btn"
          title="Expand all"
        >
          ▼
        </button>
        <button
          class="blocks-panel-control-btn"
          title="Collapse all"
        >
          ▶
        </button>
      </div>
    </div>
    <div
      class="blocks-panel-search"
    >
      <input
        aria-label="Search blocks"
        class="blocks-panel-search-input"
        placeholder="Search blocks..."
        type="text"
        value=""
      />
    </div>
    <div
      class="blocks-panel-content"
    >
      <div
        class="blocks-panel-empty"
      >
        <div
          class="blocks-panel-empty-icon"
        >
          📭
        </div>
        <div
          class="blocks-panel-empty-text"
        >
          No blocks available
        </div>
      </div>
    </div>
    <div
      class="blocks-panel-footer"
    >
      <div
        class="blocks-panel-stats"
      >
        <span>
          0
           categories
        </span>
        <span
          class="blocks-panel-stats-separator"
        >
          •
        </span>
        <span>
          0
           blocks
        </span>
      </div>
    </div>
  </div>
</div>
`;

exports[`BlocksPanel Snapshot Tests > matches snapshot with search query 1`] = `
<div>
  <div
    class="blocks-panel "
  >
    <div
      class="blocks-panel-header"
    >
      <h3
        class="blocks-panel-title"
      >
        Blocks
      </h3>
      <div
        class="blocks-panel-controls"
      >
        <button
          class="blocks-panel-control-btn"
          title="Expand all"
        >
          ▼
        </button>
        <button
          class="blocks-panel-control-btn"
          title="Collapse all"
        >
          ▶
        </button>
      </div>
    </div>
    <div
      class="blocks-panel-search"
    >
      <input
        aria-label="Search blocks"
        class="blocks-panel-search-input"
        placeholder="Search blocks..."
        type="text"
        value=""
      />
    </div>
    <div
      class="blocks-panel-content"
    >
      <div
        class="blocks-panel-empty"
      >
        <div
          class="blocks-panel-empty-icon"
        >
          📭
        </div>
        <div
          class="blocks-panel-empty-text"
        >
          No blocks available
        </div>
      </div>
    </div>
    <div
      class="blocks-panel-footer"
    >
      <div
        class="blocks-panel-stats"
      >
        <span>
          0
           categories
        </span>
        <span
          class="blocks-panel-stats-separator"
        >
          •
        </span>
        <span>
          0
           blocks
        </span>
      </div>
    </div>
  </div>
</div>
`;
